protoc --grpc-web_out=import_style=typescript,mode=grpcwebtext:pkg/pbf/ --proto_path=pbf/ pbf/foo.proto
protoc --js_out=import_style=commonjs,binary:pkg/pbf/ --proto_path=pbf/ pbf/foo.proto
