//
// Do not edit. This file was generated via the "pag" command line tool. More
// information about the tool can be found at github.com/xh3b4sd/pag.
//
//     pag generate typescript
//

// -------------------------------------------------------------------------- //

import * as PbfClient  from "./pbf/ApiServiceClientPb";
import * as PbfCreate  from "./pbf/create_pb";
import * as PbfDelete  from "./pbf/delete_pb";
import * as PbfSearch  from "./pbf/search_pb";
import * as PbfUpdate  from "./pbf/update_pb";

export const Pbf = {
  Client:  PbfClient.APIClient,
  Create: {
    I: PbfCreate.CreateI,
    O: PbfCreate.CreateO,
  },
  Delete: {
    I: PbfDelete.DeleteI,
    O: PbfDelete.DeleteO,
  },
  Search: {
    I: PbfSearch.SearchI,
    O: PbfSearch.SearchO,
  },
  Update: {
    I: PbfUpdate.UpdateI,
    O: PbfUpdate.UpdateO,
  },
}

// -------------------------------------------------------------------------- //



pkg/index.ts
