protoc --go-grpc_out=some/other/dir/pbf/ --proto_path=pbf/ pbf/foo.proto
protoc --go_out=some/other/dir/pbf/ --proto_path=pbf/ pbf/foo.proto
