protoc --experimental_allow_proto3_optional --go-grpc_out=pkg/pbf/post/ --proto_path=. pbf/post/api.proto pbf/post/create.proto
protoc --experimental_allow_proto3_optional --go-grpc_out=pkg/pbf/user/ --proto_path=. pbf/user/bar.proto pbf/user/baz.proto pbf/user/foo.proto
protoc --experimental_allow_proto3_optional --go_out=pkg/pbf/post/ --proto_path=. pbf/post/api.proto pbf/post/create.proto
protoc --experimental_allow_proto3_optional --go_out=pkg/pbf/user/ --proto_path=. pbf/user/bar.proto pbf/user/baz.proto pbf/user/foo.proto
