protoc --go-grpc_out=pkg/pbf/ --proto_path=. pbf/foo.proto
protoc --go_out=pkg/pbf/ --proto_path=. pbf/foo.proto
