protoc --grpc-web_out=import_style=typescript,mode=grpcwebtext:./src/ --proto_path=. pbf/post/api.proto pbf/post/create.proto
protoc --grpc-web_out=import_style=typescript,mode=grpcwebtext:./src/ --proto_path=. pbf/user/bar.proto pbf/user/baz.proto pbf/user/foo.proto
protoc --js_out=import_style=commonjs,binary:./src/ --proto_path=. pbf/post/api.proto pbf/post/create.proto
protoc --js_out=import_style=commonjs,binary:./src/ --proto_path=. pbf/user/bar.proto pbf/user/baz.proto pbf/user/foo.proto
