protoc --grpc-web_out=import_style=typescript,mode=grpcwebtext:./src/ --proto_path=./pbf/user/ pbf/user/bar.proto pbf/user/baz.proto pbf/user/foo.proto
protoc --js_out=import_style=commonjs,binary:./src/ --proto_path=./pbf/user/ pbf/user/bar.proto pbf/user/baz.proto pbf/user/foo.proto
