protoc --grpc-web_out=import_style=typescript,mode=grpcwebtext:src/pbf/ --proto_path=pbf/ pbf/foo.proto
protoc --js_out=import_style=commonjs,binary:src/pbf/ --proto_path=pbf/ pbf/foo.proto
